---
source: src/app.rs
expression: terminal.backend()
---
"                  360   380    400   420   440    460   480    500   520   540  "
"                                                                                "
"┌Signals───────┐                               ⢰⠒⠒⠒⠒⠒⠒⠒⠒⠒⠒⠒⠒⠒⠒⠒⢲                "
"│clock         │⠒⠒⠒⠒⠒⠒⠒⠒⠒⠒⠒⠒⠒⠒⠒⠒⠒⠒⠒⠒⠒⠒⠒⠒⠒⠒⠒⠒⠒⠒⠒⠚               ⠘⠒⠒⠒⠒⠒⠒⠒⠒⠒⠒⠒⠒⠒⠒⠒⠒"
"│              │                                                     ⢰⠒⠒⠒⠒⠒⠒⠒⠒⠒⠒"
"│data          │⠒⠒⠒⠒⠒⠒⠒⠒⠒⠒⠒⠒⠒⠒⠒⠒⠒⠒⠒⠒⠒⠒⠒⠒⠒⠒⠒⠒⠒⠒⠒⠒⠒⠒⠒⠒⠒⠒⠒⠒⠒⠒⠒⠒⠒⠒⠒⠒⠒⠒⠒⠒⠒⠚          "
"│              │               ⢰⠒⠒⠒⠒⠒⠒⠒⠒⠒⠒⠒⠒⠒⠒⠒⠒⠒⠒⠒⠒⠒⠒⠒⠒⠒⠒⠒⠒⠒⠒⠒⠒⠒⠒⠒⠒⠒⠒⠒⠒⠒⠒⠒⠒⠒⠒⠒⠒"
"│enable        │⠒⠒⠒⠒⠒⠒⠒⠒⠒⠒⠒⠒⠒⠒⠒⠚                                                "
"│              │                                                                "
"│              │                                                                "
"│              │                                                                "
"│              │                                                                "
"│              │                                                                "
"│              │                                                                "
"│              │                                                                "
"│              │                                                                "
"└──────────────┘                                                                "
"Normal──────────────────────────────────────────────────────────────────────────"
" ':' for command mode. :q, then <Enter> to quit. :h then <Enter> for help.      "
"                                                                                "
