---
source: src/app.rs
expression: terminal.backend()
---
"                                                                                "
"                                                                                "
"┌Signals───────┐                                                                "
"│              │                                                                "
"│              │                                                                "
"│              │                                                                "
"│              │                                                                "
"│              │                                                                "
"│              │                                                                "
"│              │                                                                "
"│              │                                                                "
"│              │                                                                "
"│              │                                                                "
"│              │                                                                "
"│              │                                                                "
"│              │                                                                "
"└──────────────┘                                                                "
"Normal──────────────────────────────────────────────────────────────────────────"
" ':' for command mode. :q, then <Enter> to quit. :h then <Enter> for help.      "
"                                                                                "
