---
source: src/app.rs
expression: terminal.backend()
---
"┌──────────────────────────────────────────────────────────────────────────────┐"
"│DigiSurf | Time: 0 to 50 of 100 | M1: 25 | M2: 75 | Δ: 50                     │"
"└──────────────────────────────────────────────────────────────────────────────┘"
"┌Signals───────┐                               ⢸                                "
"│signal V0     │⠒⠒⠒⠒⠒⠒⠒⠒⠒⠒⠒⠒⠒⠒⠒⠒⠒⠒⠒⠒⠒⠒⠒⠒⠒⠒⠒⠒⠒⠒⠒⢸⠒⠒⠒⠒⠒⠒⠒⠒⠒⠒⠒⠒⠒⠒⠒⠒⠒⠒⠒⠒⠒⠒⠒⠒⠒⠒⠒⠒⠒⠒⠒⠒"
"│              │                               ⢸                                "
"│              │                               ⢸                                "
"│              │                               ⢸                                "
"│              │                               ⢸                                "
"│              │                               ⢸                                "
"│              │                               ⢸                                "
"│              │                               ⢸                                "
"│              │                               ⢸                                "
"│              │                               ⢸                                "
"│              │                               ⢸                                "
"│              │                               ⢸                                "
"└──────────────┘                               ⢸                                "
"Normal──────────────────────────────────────────────────────────────────────────"
" ':' for command mode. :q, then <Enter> to quit. :h then <Enter> for help.      "
"                                                                                "
