---
source: src/app.rs
expression: terminal.backend()
---
"                0          10           20           30           40            "
"                                                                                "
"┌Signals───────┐                               ⢸                                "
"│signal 0      │⠒⠒⠒⠒⠒⠒⠒⠒⠒⠒⠒⠒⠒⠒⠒⠒⠒⠒⠒⠒⠒⠒⠒⠒⠒⠒⠒⠒⠒⠒⠒⢸⠒⠒⠒⠒⠒⠒⠒⠒⠒⠒⠒⠒⠒⠒⠒⠒⠒⠒⠒⠒⠒⠒⠒⠒⠒⠒⠒⠒⠒⠒⠒⠒"
"│              │                               ⢸                                "
"│              │                               ⢸                                "
"│              │                               ⢸                                "
"│              │                               ⢸                                "
"│              │                               ⢸                                "
"│              │                               ⢸                                "
"│              │                               ⢸                                "
"│              │                               ⢸                                "
"│              │                               ⢸                                "
"│              │                               ⢸                                "
"│              │                               ⢸                                "
"│              │                               ⢸                                "
"└──────────────┘                               ⢸                                "
"Normal──────────────────────────────────────────────────────────────────────────"
" ':' for command mode. :q, then <Enter> to quit. :h then <Enter> for help.      "
"                                                                                "
