---
source: src/app.rs
expression: terminal.backend()
---
"                                                                                "
"                                                                                "
"┌Signals───────┐                                                                "
"│              │                                                                "
"│              │                                                                "
"│              │                                                                "
"│              │                                                                "
"│              │                                                                "
"│              │                                                                "
"│              │                                                                "
"│              │                                                                "
"│              │                                                                "
"│              │                                                                "
"│              │                                                                "
"│              │                                                                "
"│              │                                                                "
"└──────────────┘                                                                "
"Command─────────────────────────────────────────────────────────────────────────"
":goto 50                                                                        "
"                                                                                "
