---
source: src/app.rs
expression: terminal.backend()
---
"                0          200          400          600          800           "
"                                                                                "
"┌Signals───────┐                               ⢰⠒⠒⠒⠒⠒⠒⠒⠒⠒⠒⠒⠒⠒⠒⠒⠒⠒⠒⠒⠒⠒⠒⠒⠒⠒⠒⠒⠒⠒⠒⠒⠒"
"│test_signal_1 │⠒⠒⠒⠒⠒⠒⠒⠒⠒⠒⠒⠒⠒⠒⠒⠒⠒⠒⠒⠒⠒⠒⠒⠒⠒⠒⠒⠒⠒⠒⠒⠚                                "
"│              │⠒⠒⠒⠒⠒⠒⠒⠒⠒⠒⠒⠒⠒⠒⠒⠒⠒⠒⠒⠒⠒⠒⠒⠒⠒⠒⠒⠒⠒⠒⠒⠒⠒⠒⠒⠒⠒⠒⠒⠒⠒⠒⠒⠒⠒⠒⠒⠒⠒⠒⠒⠒⠒⠒⠒⠒⠒⠒⠒⠒⠒⠒⠒⠒"
"│test_signal_2 │                                                                "
"│              │                                                                "
"│              │                                                                "
"│              │                                                                "
"│              │                                                                "
"│              │                                                                "
"│              │                                                                "
"│              │                                                                "
"│              │                                                                "
"│              │                                                                "
"│              │                                                                "
"└──────────────┘                                                                "
"Normal──────────────────────────────────────────────────────────────────────────"
" ':' for command mode. :q, then <Enter> to quit. :h then <Enter> for help.      "
"                                                                                "
