---
source: src/app.rs
expression: terminal.backend()
---
"┌──────────────────────────────────────────────────────────────────────────────┐"
"│DigiSurf | Time: 0 to 400 of 1000                                             │"
"└──────────────────────────────────────────────────────────────────────────────┘"
"┌Signals───────┐       ⢰⠒⠒⠒⠒⠒⠒⠒⢲       ⢰⠒⠒⠒⠒⠒⠒⠒⢲                                "
"│signal_a      │⠒⠒⠒⠒⠒⠒⠒⠚       ⠘⠒⠒⠒⠒⠒⠒⠒⠚       ⠘⠒⠒⠒⠒⠒⠒⠒⠒⠒⠒⠒⠒⠒⠒⠒⠒⠒⠒⠒⠒⠒⠒⠒⠒⠒⠒⠒⠒⠒⠒⠒⠒"
"│              │       ⢰⠒⠒⠒⠒⠒⠒⠒⢲       ⢰⠒⠒⠒⠒⠒⠒⠒⢲                                "
"│signal_b      │⠒⠒⠒⠒⠒⠒⠒⠚       ⠘⠒⠒⠒⠒⠒⠒⠒⠚       ⠘⠒⠒⠒⠒⠒⠒⠒⠒⠒⠒⠒⠒⠒⠒⠒⠒⠒⠒⠒⠒⠒⠒⠒⠒⠒⠒⠒⠒⠒⠒⠒⠒"
"│              │       ⢰⠒⠒⠒⠒⠒⠒⠒⢲       ⢰⠒⠒⠒⠒⠒⠒⠒⢲                                "
"│signal_c      │⠒⠒⠒⠒⠒⠒⠒⠚       ⠘⠒⠒⠒⠒⠒⠒⠒⠚       ⠘⠒⠒⠒⠒⠒⠒⠒⠒⠒⠒⠒⠒⠒⠒⠒⠒⠒⠒⠒⠒⠒⠒⠒⠒⠒⠒⠒⠒⠒⠒⠒⠒"
"│              │       ⢰⠒⠒⠒⠒⠒⠒⠒⢲       ⢰⠒⠒⠒⠒⠒⠒⠒⢲                                "
"│signal_d      │⠒⠒⠒⠒⠒⠒⠒⠚       ⠘⠒⠒⠒⠒⠒⠒⠒⠚       ⠘⠒⠒⠒⠒⠒⠒⠒⠒⠒⠒⠒⠒⠒⠒⠒⠒⠒⠒⠒⠒⠒⠒⠒⠒⠒⠒⠒⠒⠒⠒⠒⠒"
"│              │       ⢰⠒⠒⠒⠒⠒⠒⠒⢲       ⢰⠒⠒⠒⠒⠒⠒⠒⢲                                "
"│signal_e      │⠒⠒⠒⠒⠒⠒⠒⠚       ⠘⠒⠒⠒⠒⠒⠒⠒⠚       ⠘⠒⠒⠒⠒⠒⠒⠒⠒⠒⠒⠒⠒⠒⠒⠒⠒⠒⠒⠒⠒⠒⠒⠒⠒⠒⠒⠒⠒⠒⠒⠒⠒"
"│              │       ⢰⠒⠒⠒⠒⠒⠒⠒⢲       ⢰⠒⠒⠒⠒⠒⠒⠒⢲                                "
"│signal_f      │⠒⠒⠒⠒⠒⠒⠒⠚       ⠘⠒⠒⠒⠒⠒⠒⠒⠚       ⠘⠒⠒⠒⠒⠒⠒⠒⠒⠒⠒⠒⠒⠒⠒⠒⠒⠒⠒⠒⠒⠒⠒⠒⠒⠒⠒⠒⠒⠒⠒⠒⠒"
"│              │       ⢰⠒⠒⠒⠒⠒⠒⠒⢲       ⢰⠒⠒⠒⠒⠒⠒⠒⢲                                "
"└──────────────┘⠒⠒⠒⠒⠒⠒⠒⠚       ⠘⠒⠒⠒⠒⠒⠒⠒⠚       ⠘⠒⠒⠒⠒⠒⠒⠒⠒⠒⠒⠒⠒⠒⠒⠒⠒⠒⠒⠒⠒⠒⠒⠒⠒⠒⠒⠒⠒⠒⠒⠒⠒"
"Normal──────────────────────────────────────────────────────────────────────────"
" ':' for command mode. :q, then <Enter> to quit. :h then <Enter> for help.      "
"                                                                                "
