---
source: src/app.rs
expression: terminal.backend()
---
"┌Signal Finder─────────────────────────────────────────────────────────────────┐"
"│> sig                                                                         │"
"│Selected: 1/4                                                                 │"
"│[✓] signal_1                                                                  │"
"│[ ] signal_2                                                                  │"
"│[ ] test_signal                                                               │"
"│                                                                              │"
"│                                                                              │"
"│                                                                              │"
"│                                                                              │"
"│                                                                              │"
"│                                                                              │"
"│                                                                              │"
"│                                                                              │"
"│                                                                              │"
"│                                                                              │"
"│                                                                              │"
"│                                                                              │"
"│↑/↓: Nav | Space: Toggle | ^A: Select All | ^X: Clear All | Enter: Done | Esc:│"
"└──────────────────────────────────────────────────────────────────────────────┘"
